#
# A fatal error has been detected by the Java Runtime Environment:
#
#  Internal Error (instanceKlass.cpp:2064), pid=2236, tid=0x0000000000004003
#  Error: ShouldNotReachHere()
#
# JRE version: Java(TM) SE Runtime Environment (8.0_271-b09) (build 1.8.0_271-b09)
# Java VM: Java HotSpot(TM) 64-Bit Server VM (25.271-b09 mixed mode bsd-amd64 compressed oops)
# Failed to write core dump. Core dumps have been disabled. To enable core dumping, try "ulimit -c unlimited" before starting Java again
#
# If you would like to submit a bug report, please visit:
#   http://bugreport.java.com/bugreport/crash.jsp
#

---------------  T H R E A D  ---------------

Current thread (0x00007fe05f822000):  JavaThread "C1 CompilerThread3" daemon [_thread_in_vm, id=16387, stack(0x000070000ef4d000,0x000070000f04d000)]

Stack: [0x000070000ef4d000,0x000070000f04d000],  sp=0x000070000f04c820,  free space=1022k
Native frames: (J=compiled Java code, j=interpreted, Vv=VM code, C=native code)
V  [libjvm.dylib+0x5a02c7]
V  [libjvm.dylib+0x1d759f]
V  [libjvm.dylib+0x2a5bca]
V  [libjvm.dylib+0x4737bf]
V  [libjvm.dylib+0x473b15]
V  [libjvm.dylib+0x53718a]
V  [libjvm.dylib+0x536e2c]
V  [libjvm.dylib+0x536bcf]
V  [libjvm.dylib+0x1a4e54]
V  [libjvm.dylib+0x1a7a3e]
V  [libjvm.dylib+0x564226]
V  [libjvm.dylib+0x5640eb]
V  [libjvm.dylib+0x48f359]
C  [libsystem_pthread.dylib+0x6950]  _pthread_start+0xe0
C  [libsystem_pthread.dylib+0x247b]  thread_start+0xf
C  0x0000000000000000


---------------  P R O C E S S  ---------------

Java Threads: ( => current thread )
  0x00007fe0676e1000 JavaThread "qtp405459175-37" [_thread_blocked, id=27907, stack(0x00007000109c6000,0x0000700010ac6000)]
  0x00007fe06764d000 JavaThread "qtp405459175-36" [_thread_blocked, id=36611, stack(0x00007000108c3000,0x00007000109c3000)]
  0x00007fe06764c000 JavaThread "qtp405459175-35" [_thread_blocked, id=37123, stack(0x00007000107c0000,0x00007000108c0000)]
  0x00007fe06764b800 JavaThread "qtp405459175-34" [_thread_blocked, id=27139, stack(0x00007000106bd000,0x00007000107bd000)]
  0x00007fe06764a800 JavaThread "qtp405459175-33 Acceptor1 SelectChannelConnector@0.0.0.0:1841" [_thread_in_native, id=37379, stack(0x00007000105ba000,0x00007000106ba000)]
  0x00007fe067457000 JavaThread "qtp405459175-32 Acceptor0 SelectChannelConnector@0.0.0.0:1841" [_thread_blocked, id=26627, stack(0x00007000104b7000,0x00007000105b7000)]
  0x00007fe067456000 JavaThread "qtp405459175-31 Selector1" [_thread_in_native, id=37891, stack(0x00007000103b4000,0x00007000104b4000)]
  0x00007fe067518000 JavaThread "qtp405459175-30 Selector0" [_thread_in_native, id=25859, stack(0x00007000102b1000,0x00007000103b1000)]
  0x00007fe067517800 JavaThread "HashSessionScavenger-2" daemon [_thread_blocked, id=25603, stack(0x00007000101ae000,0x00007000102ae000)]
  0x00007fe05f7a1800 JavaThread "HashSessionScavenger-1" daemon [_thread_blocked, id=25347, stack(0x00007000100ab000,0x00007000101ab000)]
  0x00007fe06a2de000 JavaThread "HashSessionScavenger-0" daemon [_thread_blocked, id=38659, stack(0x000070000ffa8000,0x00007000100a8000)]
  0x00007fe060710000 JavaThread "Thread-14" daemon [_thread_in_native, id=38915, stack(0x000070000fea5000,0x000070000ffa5000)]
  0x00007fe06a2c8800 JavaThread "Thread-13" daemon [_thread_in_native, id=39427, stack(0x000070000fda2000,0x000070000fea2000)]
  0x00007fe063ab7800 JavaThread "Thread-12" daemon [_thread_blocked, id=24579, stack(0x000070000fc9f000,0x000070000fd9f000)]
  0x00007fe063a0f800 JavaThread "Thread-11" daemon [_thread_blocked, id=40195, stack(0x000070000fb9c000,0x000070000fc9c000)]
  0x00007fe05ff29800 JavaThread "Thread-10" daemon [_thread_blocked, id=24067, stack(0x000070000fa99000,0x000070000fb99000)]
  0x00007fe060b4d000 JavaThread "Thread-9" daemon [_thread_blocked, id=23811, stack(0x000070000f996000,0x000070000fa96000)]
  0x00007fe0604fe000 JavaThread "Thread-8" daemon [_thread_blocked, id=40963, stack(0x000070000f893000,0x000070000f993000)]
  0x00007fe0640ce800 JavaThread "Thread-7" daemon [_thread_blocked, id=41475, stack(0x000070000f790000,0x000070000f890000)]
  0x00007fe05fbaf800 JavaThread "Thread-6" daemon [_thread_blocked, id=23299, stack(0x000070000f68d000,0x000070000f78d000)]
  0x00007fe05f426000 JavaThread "Thread-5" daemon [_thread_blocked, id=22787, stack(0x000070000f58a000,0x000070000f68a000)]
  0x00007fe05fa8c000 JavaThread "Thread-4" daemon [_thread_blocked, id=22531, stack(0x000070000f487000,0x000070000f587000)]
  0x00007fe05f33e000 JavaThread "Thread-3" [_thread_in_native, id=22275, stack(0x000070000f384000,0x000070000f484000)]
  0x00007fe0609a5800 JavaThread "process reaper" daemon [_thread_blocked, id=42507, stack(0x000070000f359000,0x000070000f381000)]
  0x00007fe05f2a8000 JavaThread "Timer-0" daemon [_thread_blocked, id=43011, stack(0x000070000f256000,0x000070000f356000)]
  0x00007fe063808800 JavaThread "Service Thread" daemon [_thread_blocked, id=15875, stack(0x000070000f050000,0x000070000f150000)]
=>0x00007fe05f822000 JavaThread "C1 CompilerThread3" daemon [_thread_in_vm, id=16387, stack(0x000070000ef4d000,0x000070000f04d000)]
  0x00007fe060851000 JavaThread "C2 CompilerThread2" daemon [_thread_blocked, id=15363, stack(0x000070000ee4a000,0x000070000ef4a000)]
  0x00007fe060019800 JavaThread "C2 CompilerThread1" daemon [_thread_in_native, id=15107, stack(0x000070000ed47000,0x000070000ee47000)]
  0x00007fe05f032800 JavaThread "C2 CompilerThread0" daemon [_thread_blocked, id=16899, stack(0x000070000ec44000,0x000070000ed44000)]
  0x00007fe05f037800 JavaThread "Signal Dispatcher" daemon [_thread_blocked, id=14595, stack(0x000070000eb41000,0x000070000ec41000)]
  0x00007fe060013800 JavaThread "Finalizer" daemon [_thread_blocked, id=19459, stack(0x000070000e938000,0x000070000ea38000)]
  0x00007fe06000a000 JavaThread "Reference Handler" daemon [_thread_blocked, id=12035, stack(0x000070000e835000,0x000070000e935000)]
  0x00007fe05f80e800 JavaThread "main" [_thread_blocked, id=2563, stack(0x000070000de17000,0x000070000df17000)]

Other Threads:
  0x00007fe05f031800 VMThread [stack: 0x000070000e732000,0x000070000e832000] [id=20227]
  0x00007fe05f033800 WatcherThread [stack: 0x000070000f153000,0x000070000f253000] [id=43267]

VM state:synchronizing (normal execution)

VM Mutex/Monitor currently owned by a thread:  ([mutex/lock_event])
[0x00007fe05ed069a0] CodeCache_lock - owner thread: 0x00007fe05f822000
[0x00007fe05ed07620] Threads_lock - owner thread: 0x00007fe05f031800
[0x00007fe05ed07ca0] CompiledIC_lock - owner thread: 0x00007fe05f822000

heap address: 0x0000000740000000, size: 2048 MB, Compressed Oops mode: Zero based, Oop shift amount: 3
Narrow klass base: 0x0000000000000000, Narrow klass shift: 3
Compressed class space size: 1073741824 Address: 0x00000007c0000000

Heap:
 PSYoungGen      total 442368K, used 414777K [0x0000000795580000, 0x00000007bdc00000, 0x00000007c0000000)
  eden space 408064K, 93% used [0x0000000795580000,0x00000007ac90f048,0x00000007ae400000)
  from space 34304K, 99% used [0x00000007ae400000,0x00000007b057f450,0x00000007b0580000)
  to   space 59392K, 0% used [0x00000007ba200000,0x00000007ba200000,0x00000007bdc00000)
 ParOldGen       total 175104K, used 96047K [0x0000000740000000, 0x000000074ab00000, 0x0000000795580000)
  object space 175104K, 54% used [0x0000000740000000,0x0000000745dcbeb0,0x000000074ab00000)
 Metaspace       used 29782K, capacity 30906K, committed 31104K, reserved 1077248K
  class space    used 3525K, capacity 3937K, committed 3968K, reserved 1048576K

Card table byte_map: [0x000000010b9ce000,0x000000010bdcf000] byte_map_base: 0x0000000107fce000

Marking Bits: (ParMarkBitMap*) 0x000000010af29768
 Begin Bits: [0x000000010c07a000, 0x000000010e07a000)
 End Bits:   [0x000000010e07a000, 0x000000011007a000)

Polling page: 0x0000000106762000

CodeCache: size=245760Kb used=23420Kb max_used=23474Kb free=222339Kb
 bounds [0x00000001131a2000, 0x0000000114932000, 0x00000001221a2000]
 total_blobs=5886 nmethods=5416 adapters=382
 compilation: enabled

Compilation events (10 events):
Event: 8.445 Thread 0x00007fe05f822000 6537       3       com.google.javascript.jscomp.parsing.parser.Scanner::isIdentifierStart (98 bytes)
Event: 8.445 Thread 0x00007fe05f822000 nmethod 6537 0x000000011332dc90 code [0x000000011332de40, 0x000000011332e4f8]
Event: 8.446 Thread 0x00007fe05f822000 6536       3       java.lang.CharacterData::of (120 bytes)
Event: 8.446 Thread 0x00007fe05f822000 nmethod 6536 0x0000000113a4f310 code [0x0000000113a4f4c0, 0x0000000113a4f9d0]
Event: 8.446 Thread 0x00007fe05f822000 6533       3       com.google.javascript.jscomp.parsing.parser.Scanner::isIdentifierPart (122 bytes)
Event: 8.447 Thread 0x00007fe05f822000 nmethod 6533 0x00000001133d9610 code [0x00000001133d97e0, 0x00000001133d9f88]
Event: 8.447 Thread 0x00007fe05f822000 6534       3       java.lang.Character::isLetter (5 bytes)
Event: 8.447 Thread 0x00007fe05f822000 nmethod 6534 0x00000001132c7fd0 code [0x00000001132c8160, 0x00000001132c84b8]
Event: 8.447 Thread 0x00007fe05f822000 6535       3       java.lang.Character::isLetter (18 bytes)
Event: 8.447 Thread 0x00007fe05f822000 nmethod 6535 0x00000001133b8550 code [0x00000001133b86e0, 0x00000001133b89d8]

GC Heap History (10 events):
Event: 3.153 GC heap before
{Heap before GC invocations=6 (full 0):
 PSYoungGen      total 141824K, used 46541K [0x0000000795580000, 0x00000007a8b80000, 0x00000007c0000000)
  eden space 131072K, 27% used [0x0000000795580000,0x0000000797875770,0x000000079d580000)
  from space 10752K, 99% used [0x000000079d580000,0x000000079dffe050,0x000000079e000000)
  to   space 27648K, 0% used [0x00000007a7080000,0x00000007a7080000,0x00000007a8b80000)
 ParOldGen       total 175104K, used 33809K [0x0000000740000000, 0x000000074ab00000, 0x0000000795580000)
  object space 175104K, 19% used [0x0000000740000000,0x00000007421047f0,0x000000074ab00000)
 Metaspace       used 20610K, capacity 21030K, committed 21248K, reserved 1069056K
  class space    used 2288K, capacity 2435K, committed 2560K, reserved 1048576K
Event: 3.166 GC heap after
Heap after GC invocations=6 (full 0):
 PSYoungGen      total 287744K, used 18256K [0x0000000795580000, 0x00000007a8980000, 0x00000007c0000000)
  eden space 262144K, 0% used [0x0000000795580000,0x0000000795580000,0x00000007a5580000)
  from space 25600K, 71% used [0x00000007a7080000,0x00000007a8254100,0x00000007a8980000)
  to   space 26624K, 0% used [0x00000007a5580000,0x00000007a5580000,0x00000007a6f80000)
 ParOldGen       total 175104K, used 33809K [0x0000000740000000, 0x000000074ab00000, 0x0000000795580000)
  object space 175104K, 19% used [0x0000000740000000,0x00000007421047f0,0x000000074ab00000)
 Metaspace       used 20610K, capacity 21030K, committed 21248K, reserved 1069056K
  class space    used 2288K, capacity 2435K, committed 2560K, reserved 1048576K
}
Event: 3.166 GC heap before
{Heap before GC invocations=7 (full 1):
 PSYoungGen      total 287744K, used 18256K [0x0000000795580000, 0x00000007a8980000, 0x00000007c0000000)
  eden space 262144K, 0% used [0x0000000795580000,0x0000000795580000,0x00000007a5580000)
  from space 25600K, 71% used [0x00000007a7080000,0x00000007a8254100,0x00000007a8980000)
  to   space 26624K, 0% used [0x00000007a5580000,0x00000007a5580000,0x00000007a6f80000)
 ParOldGen       total 175104K, used 33809K [0x0000000740000000, 0x000000074ab00000, 0x0000000795580000)
  object space 175104K, 19% used [0x0000000740000000,0x00000007421047f0,0x000000074ab00000)
 Metaspace       used 20610K, capacity 21030K, committed 21248K, reserved 1069056K
  class space    used 2288K, capacity 2435K, committed 2560K, reserved 1048576K
Event: 3.246 GC heap after
Heap after GC invocations=7 (full 1):
 PSYoungGen      total 287744K, used 0K [0x0000000795580000, 0x00000007a8980000, 0x00000007c0000000)
  eden space 262144K, 0% used [0x0000000795580000,0x0000000795580000,0x00000007a5580000)
  from space 25600K, 0% used [0x00000007a7080000,0x00000007a7080000,0x00000007a8980000)
  to   space 26624K, 0% used [0x00000007a5580000,0x00000007a5580000,0x00000007a6f80000)
 ParOldGen       total 175104K, used 42637K [0x0000000740000000, 0x000000074ab00000, 0x0000000795580000)
  object space 175104K, 24% used [0x0000000740000000,0x00000007429a3468,0x000000074ab00000)
 Metaspace       used 20610K, capacity 21030K, committed 21248K, reserved 1069056K
  class space    used 2288K, capacity 2435K, committed 2560K, reserved 1048576K
}
Event: 4.510 GC heap before
{Heap before GC invocations=8 (full 1):
 PSYoungGen      total 287744K, used 262144K [0x0000000795580000, 0x00000007a8980000, 0x00000007c0000000)
  eden space 262144K, 100% used [0x0000000795580000,0x00000007a5580000,0x00000007a5580000)
  from space 25600K, 0% used [0x00000007a7080000,0x00000007a7080000,0x00000007a8980000)
  to   space 26624K, 0% used [0x00000007a5580000,0x00000007a5580000,0x00000007a6f80000)
 ParOldGen       total 175104K, used 42637K [0x0000000740000000, 0x000000074ab00000, 0x0000000795580000)
  object space 175104K, 24% used [0x0000000740000000,0x00000007429a3468,0x000000074ab00000)
 Metaspace       used 27298K, capacity 28230K, committed 28416K, reserved 1075200K
  class space    used 3152K, capacity 3495K, committed 3584K, reserved 1048576K
Event: 4.531 GC heap after
Heap after GC invocations=8 (full 1):
 PSYoungGen      total 288768K, used 26610K [0x0000000795580000, 0x00000007b2380000, 0x00000007c0000000)
  eden space 262144K, 0% used [0x0000000795580000,0x0000000795580000,0x00000007a5580000)
  from space 26624K, 99% used [0x00000007a5580000,0x00000007a6f7c990,0x00000007a6f80000)
  to   space 30720K, 0% used [0x00000007b0580000,0x00000007b0580000,0x00000007b2380000)
 ParOldGen       total 175104K, used 44417K [0x0000000740000000, 0x000000074ab00000, 0x0000000795580000)
  object space 175104K, 25% used [0x0000000740000000,0x0000000742b60560,0x000000074ab00000)
 Metaspace       used 27298K, capacity 28230K, committed 28416K, reserved 1075200K
  class space    used 3152K, capacity 3495K, committed 3584K, reserved 1048576K
}
Event: 5.213 GC heap before
{Heap before GC invocations=9 (full 1):
 PSYoungGen      total 288768K, used 288754K [0x0000000795580000, 0x00000007b2380000, 0x00000007c0000000)
  eden space 262144K, 100% used [0x0000000795580000,0x00000007a5580000,0x00000007a5580000)
  from space 26624K, 99% used [0x00000007a5580000,0x00000007a6f7c990,0x00000007a6f80000)
  to   space 30720K, 0% used [0x00000007b0580000,0x00000007b0580000,0x00000007b2380000)
 ParOldGen       total 175104K, used 44417K [0x0000000740000000, 0x000000074ab00000, 0x0000000795580000)
  object space 175104K, 25% used [0x0000000740000000,0x0000000742b60560,0x000000074ab00000)
 Metaspace       used 29230K, capacity 30196K, committed 30336K, reserved 1075200K
  class space    used 3499K, capacity 3870K, committed 3968K, reserved 1048576K
Event: 5.233 GC heap after
Heap after GC invocations=9 (full 1):
 PSYoungGen      total 438784K, used 30475K [0x0000000795580000, 0x00000007b2800000, 0x00000007c0000000)
  eden space 408064K, 0% used [0x0000000795580000,0x0000000795580000,0x00000007ae400000)
  from space 30720K, 99% used [0x00000007b0580000,0x00000007b2342d28,0x00000007b2380000)
  to   space 34304K, 0% used [0x00000007ae400000,0x00000007ae400000,0x00000007b0580000)
 ParOldGen       total 175104K, used 44425K [0x0000000740000000, 0x000000074ab00000, 0x0000000795580000)
  object space 175104K, 25% used [0x0000000740000000,0x0000000742b62560,0x000000074ab00000)
 Metaspace       used 29230K, capacity 30196K, committed 30336K, reserved 1075200K
  class space    used 3499K, capacity 3870K, committed 3968K, reserved 1048576K
}
Event: 7.006 GC heap before
{Heap before GC invocations=10 (full 1):
 PSYoungGen      total 438784K, used 438539K [0x0000000795580000, 0x00000007b2800000, 0x00000007c0000000)
  eden space 408064K, 100% used [0x0000000795580000,0x00000007ae400000,0x00000007ae400000)
  from space 30720K, 99% used [0x00000007b0580000,0x00000007b2342d28,0x00000007b2380000)
  to   space 34304K, 0% used [0x00000007ae400000,0x00000007ae400000,0x00000007b0580000)
 ParOldGen       total 175104K, used 44425K [0x0000000740000000, 0x000000074ab00000, 0x0000000795580000)
  object space 175104K, 25% used [0x0000000740000000,0x0000000742b62560,0x000000074ab00000)
 Metaspace       used 29745K, capacity 30768K, committed 30848K, reserved 1077248K
  class space    used 3521K, capacity 3935K, committed 3968K, reserved 1048576K
Event: 7.055 GC heap after
Heap after GC invocations=10 (full 1):
 PSYoungGen      total 442368K, used 34301K [0x0000000795580000, 0x00000007bdc00000, 0x00000007c0000000)
  eden space 408064K, 0% used [0x0000000795580000,0x0000000795580000,0x00000007ae400000)
  from space 34304K, 99% used [0x00000007ae400000,0x00000007b057f450,0x00000007b0580000)
  to   space 59392K, 0% used [0x00000007ba200000,0x00000007ba200000,0x00000007bdc00000)
 ParOldGen       total 175104K, used 96047K [0x0000000740000000, 0x000000074ab00000, 0x0000000795580000)
  object space 175104K, 54% used [0x0000000740000000,0x0000000745dcbeb0,0x000000074ab00000)
 Metaspace       used 29745K, capacity 30768K, committed 30848K, reserved 1077248K
  class space    used 3521K, capacity 3935K, committed 3968K, reserved 1048576K
}

Deoptimization events (10 events):
Event: 8.190 Thread 0x00007fe05f80e800 Uncommon trap: reason=unstable_if action=reinterpret pc=0x0000000114037f2c method=com.google.javascript.jscomp.parsing.parser.Parser.eatPossibleImplicitSemiColon()V @ 27
Event: 8.302 Thread 0x00007fe05f80e800 Uncommon trap: reason=unstable_if action=reinterpret pc=0x0000000113d1c450 method=sun.misc.FloatingDecimal$ASCIIToBinaryBuffer.doubleValue()D @ 116
Event: 8.347 Thread 0x00007fe05f80e800 Uncommon trap: reason=unstable_if action=reinterpret pc=0x0000000114761ebc method=com.google.javascript.jscomp.parsing.parser.Parser.parseNewExpression()Lcom/google/javascript/jscomp/parsing/parser/trees/ParseTree; @ 58
Event: 8.347 Thread 0x00007fe05f80e800 Uncommon trap: reason=unstable_if action=reinterpret pc=0x0000000113c50f64 method=com.google.javascript.jscomp.parsing.parser.Parser.parseLeftHandSideExpression()Lcom/google/javascript/jscomp/parsing/parser/trees/ParseTree; @ 24
Event: 8.387 Thread 0x00007fe05f80e800 Uncommon trap: reason=unstable_if action=reinterpret pc=0x0000000114368b9c method=com.google.javascript.jscomp.parsing.parser.Scanner.scanToken()Lcom/google/javascript/jscomp/parsing/parser/Token; @ 1067
Event: 8.440 Thread 0x00007fe05f80e800 Uncommon trap: reason=unstable_if action=reinterpret pc=0x0000000114381a78 method=java.io.BufferedReader.readLine(Z)Ljava/lang/String; @ 160
Event: 8.440 Thread 0x00007fe05f80e800 Uncommon trap: reason=unstable_if action=reinterpret pc=0x0000000114717c24 method=com.google.javascript.jscomp.parsing.parser.Scanner.isIdentifierPart(C)Z @ 3
Event: 8.440 Thread 0x00007fe05f80e800 Uncommon trap: reason=unstable_if action=reinterpret pc=0x00000001146c6aa4 method=com.google.javascript.jscomp.parsing.parser.Scanner.isIdentifierStart(C)Z @ 3
Event: 8.440 Thread 0x00007fe05f80e800 Uncommon trap: reason=unstable_if action=reinterpret pc=0x0000000113345c20 method=java.lang.CharacterData.of(I)Ljava/lang/CharacterData; @ 4
Event: 8.442 Thread 0x00007fe05f80e800 Uncommon trap: reason=unstable_if action=reinterpret pc=0x0000000114449790 method=com.google.javascript.jscomp.parsing.parser.Scanner.isIdentifierPart(C)Z @ 3

Classes redefined (0 events):
No events

Internal exceptions (10 events):
Event: 4.399 Thread 0x00007fe05f80e800 Exception <a 'java/lang/ClassNotFoundException': com/sencha/command/compile/BaseCompileCommandBeanInfo> (0x00000007a3ff5548) thrown at [/jenkins/workspace/8-2-build-macosx-x86_64/jdk8u271/605/hotspot/src/share/vm/classfile/systemDictionary.cpp, line 212]
Event: 4.400 Thread 0x00007fe05f80e800 Exception <a 'java/lang/ClassNotFoundException': com/sencha/command/BaseSenchaCommandBeanInfo> (0x00000007a40059c8) thrown at [/jenkins/workspace/8-2-build-macosx-x86_64/jdk8u271/605/hotspot/src/share/vm/classfile/systemDictionary.cpp, line 212]
Event: 4.400 Thread 0x00007fe05f80e800 Exception <a 'java/lang/ClassNotFoundException': com/sencha/cli/CommandBeanInfo> (0x00000007a4013798) thrown at [/jenkins/workspace/8-2-build-macosx-x86_64/jdk8u271/605/hotspot/src/share/vm/classfile/systemDictionary.cpp, line 212]
Event: 4.400 Thread 0x00007fe05f80e800 Exception <a 'java/lang/ClassNotFoundException': com/sencha/cli/CommandCustomizer> (0x00000007a4021c28) thrown at [/jenkins/workspace/8-2-build-macosx-x86_64/jdk8u271/605/hotspot/src/share/vm/classfile/systemDictionary.cpp, line 212]
Event: 4.401 Thread 0x00007fe05f80e800 Exception <a 'java/lang/ClassNotFoundException': com/sencha/command/BaseSenchaCommandCustomizer> (0x00000007a4035d10) thrown at [/jenkins/workspace/8-2-build-macosx-x86_64/jdk8u271/605/hotspot/src/share/vm/classfile/systemDictionary.cpp, line 212]
Event: 4.401 Thread 0x00007fe05f80e800 Exception <a 'java/lang/ClassNotFoundException': com/sencha/command/compile/BaseCompileCommandCustomizer> (0x00000007a4051268) thrown at [/jenkins/workspace/8-2-build-macosx-x86_64/jdk8u271/605/hotspot/src/share/vm/classfile/systemDictionary.cpp, line 212
Event: 4.402 Thread 0x00007fe05f80e800 Exception <a 'java/lang/ClassNotFoundException': com/sencha/command/compile/app/BaseAppCompileCommandCustomizer> (0x00000007a4068648) thrown at [/jenkins/workspace/8-2-build-macosx-x86_64/jdk8u271/605/hotspot/src/share/vm/classfile/systemDictionary.cpp, l
Event: 4.402 Thread 0x00007fe05f80e800 Exception <a 'java/lang/ClassNotFoundException': com/sencha/command/compile/app/LoadAppCommandCustomizer> (0x00000007a407db28) thrown at [/jenkins/workspace/8-2-build-macosx-x86_64/jdk8u271/605/hotspot/src/share/vm/classfile/systemDictionary.cpp, line 212
Event: 4.445 Thread 0x00007fe05f80e800 Implicit null exception at 0x0000000113a445f6 to 0x0000000113a44876
Event: 5.321 Thread 0x00007fe05f80e800 Implicit null exception at 0x00000001136f110b to 0x00000001136f18c5

Events (10 events):
Event: 8.447 Thread 0x00007fe05f822000 flushing nmethod 0x000000011358dcd0
Event: 8.447 Thread 0x00007fe05f822000 flushing nmethod 0x000000011359cd10
Event: 8.447 Thread 0x00007fe05f822000 flushing nmethod 0x00000001135d1950
Event: 8.447 Thread 0x00007fe05f822000 flushing nmethod 0x00000001135f6050
Event: 8.447 Thread 0x00007fe05f822000 flushing nmethod 0x00000001136c1590
Event: 8.447 Thread 0x00007fe05f822000 flushing nmethod 0x00000001136c9550
Event: 8.447 Thread 0x00007fe05f822000 flushing nmethod 0x00000001136d8390
Event: 8.447 Thread 0x00007fe05f822000 flushing nmethod 0x00000001136e4a90
Event: 8.447 Thread 0x00007fe05f822000 flushing nmethod 0x00000001136e6810
Event: 8.447 Thread 0x00007fe05f822000 flushing nmethod 0x00000001136f0390


Dynamic libraries:
0x00007fff34f96000 	/System/Library/Frameworks/Cocoa.framework/Versions/A/Cocoa
0x00007fff221d3000 	/System/Library/Frameworks/Security.framework/Versions/A/Security
0x00007fff33195000 	/System/Library/Frameworks/ApplicationServices.framework/Versions/A/ApplicationServices
0x00007fff2a458000 	/usr/lib/libz.1.dylib
0x00007fff2a520000 	/usr/lib/libSystem.B.dylib
0x00007fff2039b000 	/System/Library/Frameworks/CoreFoundation.framework/Versions/A/CoreFoundation
0x00007fff21148000 	/System/Library/Frameworks/Foundation.framework/Versions/C/Foundation
0x00007fff201bb000 	/usr/lib/libobjc.A.dylib
0x00007fff22bf9000 	/System/Library/Frameworks/AppKit.framework/Versions/C/AppKit
0x00007fff25a8f000 	/System/Library/Frameworks/CoreData.framework/Versions/A/CoreData
0x00007fff2395c000 	/System/Library/PrivateFrameworks/UIFoundation.framework/Versions/A/UIFoundation
0x00007fff2fb79000 	/System/Library/PrivateFrameworks/RemoteViewServices.framework/Versions/A/RemoteViewServices
0x00007fff28982000 	/System/Library/PrivateFrameworks/XCTTargetBootstrap.framework/Versions/A/XCTTargetBootstrap
0x00007fff2b65f000 	/usr/lib/libspindump.dylib
0x00007fff23bb0000 	/System/Library/Frameworks/UniformTypeIdentifiers.framework/Versions/A/UniformTypeIdentifiers
0x00007fff27159000 	/usr/lib/libapp_launch_measurement.dylib
0x00007fff2715c000 	/System/Library/PrivateFrameworks/CoreAutoLayout.framework/Versions/A/CoreAutoLayout
0x00007fff282e4000 	/System/Library/Frameworks/Metal.framework/Versions/A/Metal
0x00007fff28fd3000 	/usr/lib/liblangid.dylib
0x00007fff28986000 	/System/Library/PrivateFrameworks/CoreSVG.framework/Versions/A/CoreSVG
0x00007fff24b97000 	/System/Library/PrivateFrameworks/SkyLight.framework/Versions/A/SkyLight
0x00007fff24efd000 	/System/Library/Frameworks/CoreGraphics.framework/Versions/A/CoreGraphics
0x00007fff301d0000 	/System/Library/Frameworks/Accelerate.framework/Versions/A/Accelerate
0x00007fff2b09a000 	/System/Library/PrivateFrameworks/IconServices.framework/Versions/A/IconServices
0x00007fff282c9000 	/System/Library/Frameworks/IOSurface.framework/Versions/A/IOSurface
0x00007fff26418000 	/usr/lib/libDiagnosticMessagesClient.dylib
0x00007fff2896e000 	/System/Library/PrivateFrameworks/DFRFoundation.framework/Versions/A/DFRFoundation
0x00007fff22525000 	/usr/lib/libicucore.A.dylib
0x00007fff2cba1000 	/System/Library/Frameworks/AudioToolbox.framework/Versions/A/AudioToolbox
0x00007fff2be47000 	/System/Library/PrivateFrameworks/DataDetectorsCore.framework/Versions/A/DataDetectorsCore
0x00007fff2866e000 	/System/Library/Frameworks/Carbon.framework/Versions/A/Frameworks/HIToolbox.framework/Versions/A/HIToolbox
0x00007fff26bb1000 	/System/Library/Frameworks/QuartzCore.framework/Versions/A/QuartzCore
0x00007fff2fbb5000 	/System/Library/Frameworks/Carbon.framework/Versions/A/Frameworks/SpeechRecognition.framework/Versions/A/SpeechRecognition
0x00007fff26ec1000 	/System/Library/PrivateFrameworks/CoreUI.framework/Versions/A/CoreUI
0x00007fff21b2f000 	/System/Library/Frameworks/CoreAudio.framework/Versions/A/CoreAudio
0x00007fff26503000 	/System/Library/Frameworks/DiskArbitration.framework/Versions/A/DiskArbitration
0x00007fff2ba5a000 	/System/Library/PrivateFrameworks/MultitouchSupport.framework/Versions/A/MultitouchSupport
0x00007fff2be3e000 	/System/Library/PrivateFrameworks/InternationalSupport.framework/Versions/A/InternationalSupport
0x00007fff24b0b000 	/usr/lib/libenergytrace.dylib
0x00007fff22af3000 	/System/Library/Frameworks/IOKit.framework/Versions/A/IOKit
0x00007fff2ff02000 	/System/Library/Frameworks/CoreServices.framework/Versions/A/CoreServices
0x00007fff270ef000 	/System/Library/PrivateFrameworks/PerformanceAnalysis.framework/Versions/A/PerformanceAnalysis
0x00007fff6c7ff000 	/System/Library/Frameworks/OpenGL.framework/Versions/A/OpenGL
0x00007fff2bec3000 	/System/Library/PrivateFrameworks/UserActivity.framework/Versions/A/UserActivity
0x00007fff25591000 	/System/Library/Frameworks/ColorSync.framework/Versions/A/ColorSync
0x00007fff28bea000 	/System/Library/Frameworks/CoreImage.framework/Versions/A/CoreImage
0x00007fff21946000 	/System/Library/Frameworks/CoreText.framework/Versions/A/CoreText
0x00007fff289b0000 	/System/Library/Frameworks/ImageIO.framework/Versions/A/ImageIO
0x00007fff2a526000 	/System/Library/PrivateFrameworks/SoftLinking.framework/Versions/A/SoftLinking
0x00007fff271a5000 	/usr/lib/libxml2.2.dylib
0x00007fff20280000 	/usr/lib/libc++.1.dylib
0x00007fff2a798000 	/usr/lib/libcompression.dylib
0x00007fff24b0c000 	/usr/lib/libMobileGestalt.dylib
0x00007fff2bd71000 	/System/Library/PrivateFrameworks/TextureIO.framework/Versions/A/TextureIO
0x00007fff2adbd000 	/usr/lib/libate.dylib
0x00007fff2a51a000 	/usr/lib/system/libcache.dylib
0x00007fff2a4d6000 	/usr/lib/system/libcommonCrypto.dylib
0x00007fff2a500000 	/usr/lib/system/libcompiler_rt.dylib
0x00007fff2a4f5000 	/usr/lib/system/libcopyfile.dylib
0x00007fff200aa000 	/usr/lib/system/libcorecrypto.dylib
0x00007fff20176000 	/usr/lib/system/libdispatch.dylib
0x00007fff2032a000 	/usr/lib/system/libdyld.dylib
0x00007fff2a511000 	/usr/lib/system/libkeymgr.dylib
0x00007fff2d953000 	/usr/lib/system/liblaunch.dylib
0x00007fff2a4b4000 	/usr/lib/system/libmacho.dylib
0x00007fff29ccf000 	/usr/lib/system/libquarantine.dylib
0x00007fff2a50e000 	/usr/lib/system/libremovefile.dylib
0x00007fff24b68000 	/usr/lib/system/libsystem_asl.dylib
0x00007fff2005a000 	/usr/lib/system/libsystem_blocks.dylib
0x00007fff201f7000 	/usr/lib/system/libsystem_c.dylib
0x00007fff2a508000 	/usr/lib/system/libsystem_collections.dylib
0x00007fff28fc4000 	/usr/lib/system/libsystem_configuration.dylib
0x00007fff282b8000 	/usr/lib/system/libsystem_containermanager.dylib
0x00007fff2a250000 	/usr/lib/system/libsystem_coreservices.dylib
0x00007fff22787000 	/usr/lib/system/libsystem_darwin.dylib
0x00007fff2a512000 	/usr/lib/system/libsystem_dnssd.dylib
0x00007fff201f4000 	/usr/lib/system/libsystem_featureflags.dylib
0x00007fff2036f000 	/usr/lib/system/libsystem_info.dylib
0x00007fff2a46b000 	/usr/lib/system/libsystem_m.dylib
0x00007fff20149000 	/usr/lib/system/libsystem_malloc.dylib
0x00007fff24afc000 	/usr/lib/system/libsystem_networkextension.dylib
0x00007fff22ba1000 	/usr/lib/system/libsystem_notify.dylib
0x00007fff2fe00000 	/usr/lib/system/libsystem_product_info_filter.dylib
0x00007fff28fc8000 	/usr/lib/system/libsystem_sandbox.dylib
0x00007fff2a50b000 	/usr/lib/system/libsystem_secinit.dylib
0x00007fff202ef000 	/usr/lib/system/libsystem_kernel.dylib
0x00007fff20365000 	/usr/lib/system/libsystem_platform.dylib
0x00007fff2031e000 	/usr/lib/system/libsystem_pthread.dylib
0x00007fff26266000 	/usr/lib/system/libsystem_symptoms.dylib
0x00007fff20092000 	/usr/lib/system/libsystem_trace.dylib
0x00007fff2a4e2000 	/usr/lib/system/libunwind.dylib
0x00007fff2005c000 	/usr/lib/system/libxpc.dylib
0x00007fff202d6000 	/usr/lib/libc++abi.dylib
0x00007fff2a4ed000 	/usr/lib/liboah.dylib
0x00007fff2aba3000 	/usr/lib/liblzma.5.dylib
0x00007fff20e5c000 	/System/Library/Frameworks/SystemConfiguration.framework/Versions/A/SystemConfiguration
0x00007fff2a522000 	/usr/lib/libfakelink.dylib
0x00007fff2465e000 	/System/Library/Frameworks/CFNetwork.framework/Versions/A/CFNetwork
0x00007fff2a662000 	/usr/lib/libarchive.2.dylib
0x00007fff20eda000 	/usr/lib/libCRFSuite.dylib
0x00007fff29cf6000 	/usr/lib/libbsm.0.dylib
0x00007fff2401a000 	/usr/lib/libnetwork.dylib
0x00007fff2a527000 	/usr/lib/libpcap.A.dylib
0x00007fff2625f000 	/usr/lib/libdns_services.dylib
0x00007fff2abbc000 	/usr/lib/libcoretls_cfhelpers.dylib
0x00007fff2a766000 	/usr/lib/libapple_nghttp2.dylib
0x00007fff2a4ba000 	/usr/lib/system/libkxld.dylib
0x00007fff25ec5000 	/usr/lib/libsqlite3.dylib
0x00007fff2a232000 	/System/Library/PrivateFrameworks/AppleFSCompression.framework/Versions/A/AppleFSCompression
0x00007fff29cde000 	/usr/lib/libcoretls.dylib
0x00007fff2a793000 	/usr/lib/libpam.2.dylib
0x00007fff2acb8000 	/usr/lib/libxar.1.dylib
0x00007fff28fcf000 	/System/Library/PrivateFrameworks/AppleSystemInfo.framework/Versions/A/AppleSystemInfo
0x00007fff29921000 	/System/Library/PrivateFrameworks/IOMobileFramebuffer.framework/Versions/A/IOMobileFramebuffer
0x00007fff2a242000 	/usr/lib/libbz2.1.0.dylib
0x00007fff2a55f000 	/usr/lib/libiconv.2.dylib
0x00007fff2a4b3000 	/usr/lib/libcharset.1.dylib
0x00007fff2712b000 	/System/Library/Frameworks/CoreServices.framework/Versions/A/Frameworks/FSEvents.framework/Versions/A/FSEvents
0x00007fff22791000 	/System/Library/Frameworks/CoreServices.framework/Versions/A/Frameworks/CarbonCore.framework/Versions/A/CarbonCore
0x00007fff26468000 	/System/Library/Frameworks/CoreServices.framework/Versions/A/Frameworks/Metadata.framework/Versions/A/Metadata
0x00007fff2a255000 	/System/Library/Frameworks/CoreServices.framework/Versions/A/Frameworks/OSServices.framework/Versions/A/OSServices
0x00007fff2a6d4000 	/System/Library/Frameworks/CoreServices.framework/Versions/A/Frameworks/SearchKit.framework/Versions/A/SearchKit
0x00007fff261e9000 	/System/Library/Frameworks/CoreServices.framework/Versions/A/Frameworks/AE.framework/Versions/A/AE
0x00007fff20837000 	/System/Library/Frameworks/CoreServices.framework/Versions/A/Frameworks/LaunchServices.framework/Versions/A/LaunchServices
0x00007fff2ab54000 	/System/Library/Frameworks/CoreServices.framework/Versions/A/Frameworks/DictionaryServices.framework/Versions/A/DictionaryServices
0x00007fff27134000 	/System/Library/Frameworks/CoreServices.framework/Versions/A/Frameworks/SharedFileList.framework/Versions/A/SharedFileList
0x00007fff29cd2000 	/usr/lib/libCheckFix.dylib
0x00007fff24b7f000 	/System/Library/PrivateFrameworks/TCC.framework/Versions/A/TCC
0x00007fff28fd5000 	/System/Library/PrivateFrameworks/CoreNLP.framework/Versions/A/CoreNLP
0x00007fff2641b000 	/System/Library/PrivateFrameworks/MetadataUtilities.framework/Versions/A/MetadataUtilities
0x00007fff20f10000 	/usr/lib/libmecabra.dylib
0x00007fff29fe5000 	/System/Library/Frameworks/MLCompute.framework/Versions/A/MLCompute
0x00007fff29d07000 	/usr/lib/libmecab.dylib
0x00007fff29d51000 	/usr/lib/libgermantok.dylib
0x00007fff2a73c000 	/usr/lib/libThaiTokenizer.dylib
0x00007fff2acf3000 	/usr/lib/libChineseTokenizer.dylib
0x00007fff2a791000 	/System/Library/Frameworks/MetalPerformanceShaders.framework/Versions/A/MetalPerformanceShaders
0x00007fff2650a000 	/System/Library/Frameworks/Accelerate.framework/Versions/A/Frameworks/vImage.framework/Versions/A/vImage
0x00007fff2fedb000 	/System/Library/Frameworks/Accelerate.framework/Versions/A/Frameworks/vecLib.framework/Versions/A/vecLib
0x00007fff2acfe000 	/System/Library/Frameworks/Accelerate.framework/Versions/A/Frameworks/vecLib.framework/Versions/A/libvMisc.dylib
0x00007fff2973a000 	/System/Library/Frameworks/Accelerate.framework/Versions/A/Frameworks/vecLib.framework/Versions/A/libvDSP.dylib
0x00007fff20b3b000 	/System/Library/Frameworks/Accelerate.framework/Versions/A/Frameworks/vecLib.framework/Versions/A/libBLAS.dylib
0x00007fff2a7b7000 	/System/Library/Frameworks/Accelerate.framework/Versions/A/Frameworks/vecLib.framework/Versions/A/libLAPACK.dylib
0x00007fff29d57000 	/System/Library/Frameworks/Accelerate.framework/Versions/A/Frameworks/vecLib.framework/Versions/A/libLinearAlgebra.dylib
0x00007fff2a77e000 	/System/Library/Frameworks/Accelerate.framework/Versions/A/Frameworks/vecLib.framework/Versions/A/libSparseBLAS.dylib
0x00007fff2a7b1000 	/System/Library/Frameworks/Accelerate.framework/Versions/A/Frameworks/vecLib.framework/Versions/A/libQuadrature.dylib
0x00007fff2907d000 	/System/Library/Frameworks/Accelerate.framework/Versions/A/Frameworks/vecLib.framework/Versions/A/libBNNS.dylib
0x00007fff20ded000 	/System/Library/Frameworks/Accelerate.framework/Versions/A/Frameworks/vecLib.framework/Versions/A/libSparse.dylib
0x00007fff28f68000 	/System/Library/Frameworks/MetalPerformanceShaders.framework/Versions/A/Frameworks/MPSCore.framework/Versions/A/MPSCore
0x00007fff2a1a1000 	/System/Library/Frameworks/MetalPerformanceShaders.framework/Versions/A/Frameworks/MPSImage.framework/Versions/A/MPSImage
0x00007fff29d6d000 	/System/Library/Frameworks/MetalPerformanceShaders.framework/Versions/A/Frameworks/MPSNeuralNetwork.framework/Versions/A/MPSNeuralNetwork
0x00007fff2a12c000 	/System/Library/Frameworks/MetalPerformanceShaders.framework/Versions/A/Frameworks/MPSMatrix.framework/Versions/A/MPSMatrix
0x00007fff29f95000 	/System/Library/Frameworks/MetalPerformanceShaders.framework/Versions/A/Frameworks/MPSRayIntersector.framework/Versions/A/MPSRayIntersector
0x00007fff2a163000 	/System/Library/Frameworks/MetalPerformanceShaders.framework/Versions/A/Frameworks/MPSNDArray.framework/Versions/A/MPSNDArray
0x00007fff20a67000 	/System/Library/PrivateFrameworks/MetalTools.framework/Versions/A/MetalTools
0x00007fff28fcd000 	/System/Library/PrivateFrameworks/AggregateDictionary.framework/Versions/A/AggregateDictionary
0x00007fff263f3000 	/System/Library/PrivateFrameworks/CoreAnalytics.framework/Versions/A/CoreAnalytics
0x00007fff2a73e000 	/System/Library/PrivateFrameworks/AppleSauce.framework/Versions/A/AppleSauce
0x00007fff282db000 	/System/Library/PrivateFrameworks/IOAccelerator.framework/Versions/A/IOAccelerator
0x00007fff6c7f3000 	/System/Library/Frameworks/OpenGL.framework/Versions/A/Libraries/libCoreFSCache.dylib
0x00007fff214ac000 	/System/Library/PrivateFrameworks/LanguageModeling.framework/Versions/A/LanguageModeling
0x00007fff2990e000 	/System/Library/PrivateFrameworks/CoreEmoji.framework/Versions/A/CoreEmoji
0x00007fff29076000 	/System/Library/PrivateFrameworks/LinguisticData.framework/Versions/A/LinguisticData
0x00007fff20d9f000 	/System/Library/PrivateFrameworks/Lexicon.framework/Versions/A/Lexicon
0x00007fff2a650000 	/usr/lib/libcmph.dylib
0x00007fff2710b000 	/System/Library/Frameworks/OpenDirectory.framework/Versions/A/Frameworks/CFOpenDirectory.framework/Versions/A/CFOpenDirectory
0x00007fff270fb000 	/System/Library/Frameworks/OpenDirectory.framework/Versions/A/OpenDirectory
0x00007fff2abbe000 	/System/Library/PrivateFrameworks/APFS.framework/Versions/A/APFS
0x00007fff29c33000 	/System/Library/Frameworks/SecurityFoundation.framework/Versions/A/SecurityFoundation
0x00007fff2acc6000 	/usr/lib/libutil.dylib
0x00007fff22ab8000 	/System/Library/PrivateFrameworks/CoreServicesStore.framework/Versions/A/CoreServicesStore
0x00007fff29cca000 	/System/Library/Frameworks/ServiceManagement.framework/Versions/A/ServiceManagement
0x00007fff2acca000 	/usr/lib/libxslt.1.dylib
0x00007fff29cc0000 	/System/Library/PrivateFrameworks/BackgroundTaskManagement.framework/Versions/A/BackgroundTaskManagement
0x00007fff2bcbb000 	/System/Library/Frameworks/ImageIO.framework/Versions/A/Resources/libRadiance.dylib
0x00007fff2bcc5000 	/System/Library/Frameworks/ImageIO.framework/Versions/A/Resources/libJPEG.dylib
0x00007fff2bc14000 	/System/Library/Frameworks/ImageIO.framework/Versions/A/Resources/libPng.dylib
0x00007fff2bc3b000 	/System/Library/Frameworks/ImageIO.framework/Versions/A/Resources/libTIFF.dylib
0x00007fff2bd1a000 	/System/Library/Frameworks/ImageIO.framework/Versions/A/Resources/libGIF.dylib
0x00007fff2b977000 	/System/Library/Frameworks/ImageIO.framework/Versions/A/Resources/libJP2.dylib
0x00007fff2b061000 	/usr/lib/libexpat.1.dylib
0x00007fff2b92c000 	/System/Library/PrivateFrameworks/AppleJPEG.framework/Versions/A/AppleJPEG
0x00007fff28511000 	/System/Library/PrivateFrameworks/FontServices.framework/libFontParser.dylib
0x00007fff2619d000 	/System/Library/PrivateFrameworks/RunningBoardServices.framework/Versions/A/RunningBoardServices
0x00007fff2ba56000 	/System/Library/PrivateFrameworks/WatchdogClient.framework/Versions/A/WatchdogClient
0x00007fff21599000 	/System/Library/Frameworks/CoreDisplay.framework/Versions/A/CoreDisplay
0x00007fff28427000 	/System/Library/Frameworks/CoreMedia.framework/Versions/A/CoreMedia
0x00007fff27288000 	/System/Library/Frameworks/CoreVideo.framework/Versions/A/CoreVideo
0x00007fff2ba8e000 	/System/Library/Frameworks/VideoToolbox.framework/Versions/A/VideoToolbox
0x00007fff2611b000 	/System/Library/PrivateFrameworks/BaseBoard.framework/Versions/A/BaseBoard
0x00007fff2b1a6000 	/System/Library/PrivateFrameworks/PersistentConnection.framework/Versions/A/PersistentConnection
0x00007fff25eae000 	/System/Library/PrivateFrameworks/ProtocolBuffer.framework/Versions/A/ProtocolBuffer
0x00007fff26102000 	/System/Library/PrivateFrameworks/CommonUtilities.framework/Versions/A/CommonUtilities
0x00007fff2b8c1000 	/System/Library/PrivateFrameworks/Bom.framework/Versions/A/Bom
0x00007fff2bcb4000 	/System/Library/PrivateFrameworks/GPUWrangler.framework/Versions/A/GPUWrangler
0x00007fff2bc99000 	/System/Library/PrivateFrameworks/IOPresentment.framework/Versions/A/IOPresentment
0x00007fff2bcbf000 	/System/Library/PrivateFrameworks/DSExternalDisplay.framework/Versions/A/DSExternalDisplay
0x00007fff2bd1f000 	/System/Library/PrivateFrameworks/CMCaptureCore.framework/Versions/A/CMCaptureCore
0x00007fff2b646000 	/System/Library/PrivateFrameworks/AppServerSupport.framework/Versions/A/AppServerSupport
0x00007fff2d6f2000 	/System/Library/PrivateFrameworks/perfdata.framework/Versions/A/perfdata
0x00007fff29c22000 	/System/Library/PrivateFrameworks/AssertionServices.framework/Versions/A/AssertionServices
0x00007fff216d0000 	/System/Library/PrivateFrameworks/AudioToolboxCore.framework/Versions/A/AudioToolboxCore
0x00007fff2840a000 	/System/Library/PrivateFrameworks/caulk.framework/Versions/A/caulk
0x00007fff3d37f000 	/System/Library/PrivateFrameworks/SystemPolicy.framework/Versions/A/SystemPolicy
0x00007fff2ae56000 	/usr/lib/libIOReport.dylib
0x00007fff2cf14000 	/usr/lib/libSMC.dylib
0x00007fff2bbe1000 	/usr/lib/libAudioToolboxUtility.dylib
0x00007fff3dce9000 	/usr/lib/libmis.dylib
0x00007fff6c84f000 	/System/Library/Frameworks/OpenGL.framework/Versions/A/Libraries/libGLU.dylib
0x00007fff6c812000 	/System/Library/Frameworks/OpenGL.framework/Versions/A/Libraries/libGFXShared.dylib
0x00007fff6ca21000 	/System/Library/Frameworks/OpenGL.framework/Versions/A/Libraries/libGL.dylib
0x00007fff6c81b000 	/System/Library/Frameworks/OpenGL.framework/Versions/A/Libraries/libGLImage.dylib
0x00007fff6c80f000 	/System/Library/Frameworks/OpenGL.framework/Versions/A/Libraries/libCVMSPluginSupport.dylib
0x00007fff6c7fa000 	/System/Library/Frameworks/OpenGL.framework/Versions/A/Libraries/libCoreVMClient.dylib
0x00007fff6de62000 	/System/Library/Frameworks/OpenCL.framework/Versions/A/OpenCL
0x00007fff2b1d0000 	/System/Library/PrivateFrameworks/GraphVisualizer.framework/Versions/A/GraphVisualizer
0x00007fff2b1df000 	/System/Library/PrivateFrameworks/FaceCore.framework/Versions/A/FaceCore
0x00007fff2b5fb000 	/System/Library/PrivateFrameworks/OTSVG.framework/Versions/A/OTSVG
0x00007fff26e7f000 	/System/Library/Frameworks/ApplicationServices.framework/Versions/A/Frameworks/ATS.framework/Versions/A/Resources/libFontRegistry.dylib
0x00007fff2b64d000 	/System/Library/PrivateFrameworks/FontServices.framework/libhvf.dylib
0x00007fff2b00d000 	/System/Library/PrivateFrameworks/AppleVA.framework/Versions/A/AppleVA
0x00007fff2cd5d000 	/System/Library/Frameworks/ApplicationServices.framework/Versions/A/Frameworks/ATS.framework/Versions/A/ATS
0x00007fff2d06f000 	/System/Library/Frameworks/ApplicationServices.framework/Versions/A/Frameworks/ColorSyncLegacy.framework/Versions/A/ColorSyncLegacy
0x00007fff25688000 	/System/Library/Frameworks/ApplicationServices.framework/Versions/A/Frameworks/HIServices.framework/Versions/A/HIServices
0x00007fff2d054000 	/System/Library/Frameworks/ApplicationServices.framework/Versions/A/Frameworks/LangAnalysis.framework/Versions/A/LangAnalysis
0x00007fff2bd29000 	/System/Library/Frameworks/ApplicationServices.framework/Versions/A/Frameworks/PrintCore.framework/Versions/A/PrintCore
0x00007fff2d077000 	/System/Library/Frameworks/ApplicationServices.framework/Versions/A/Frameworks/QD.framework/Versions/A/QD
0x00007fff2cd4d000 	/System/Library/Frameworks/ApplicationServices.framework/Versions/A/Frameworks/SpeechSynthesis.framework/Versions/A/SpeechSynthesis
0x00007fff2bcea000 	/System/Library/Frameworks/ApplicationServices.framework/Versions/A/Frameworks/ATSUI.framework/Versions/A/ATSUI
0x00007fff2cff4000 	/usr/lib/libcups.2.dylib
0x00007fff2d064000 	/System/Library/PrivateFrameworks/NetAuth.framework/Versions/A/NetAuth
0x00007fff2d70e000 	/System/Library/Frameworks/Kerberos.framework/Versions/A/Kerberos
0x00007fff2d71e000 	/System/Library/Frameworks/GSS.framework/Versions/A/GSS
0x00007fff2cdc9000 	/usr/lib/libresolv.9.dylib
0x00007fff2b662000 	/System/Library/PrivateFrameworks/Heimdal.framework/Versions/A/Heimdal
0x00007fff33495000 	/System/Library/Frameworks/Kerberos.framework/Versions/A/Libraries/libHeimdalProxy.dylib
0x00007fff2626e000 	/System/Library/Frameworks/Network.framework/Versions/A/Network
0x00007fff2b07b000 	/usr/lib/libheimdal-asn1.dylib
0x00007fff2d76e000 	/System/Library/PrivateFrameworks/CommonAuth.framework/Versions/A/CommonAuth
0x00007fff272d5000 	/System/Library/PrivateFrameworks/login.framework/Versions/A/Frameworks/loginsupport.framework/Versions/A/loginsupport
0x00007fff2ccd2000 	/System/Library/PrivateFrameworks/AudioSession.framework/Versions/A/AudioSession
0x00007fff2cd3a000 	/usr/lib/libAudioStatistics.dylib
0x00007fff2b108000 	/System/Library/PrivateFrameworks/MediaExperience.framework/Versions/A/MediaExperience
0x00007fff2cb6f000 	/System/Library/PrivateFrameworks/AudioSession.framework/libSessionUtility.dylib
0x00007fff2d6ff000 	/usr/lib/libperfcheck.dylib
0x00007fff2d083000 	/System/Library/PrivateFrameworks/AudioResourceArbitration.framework/Versions/A/AudioResourceArbitration
0x00007fff2b085000 	/System/Library/PrivateFrameworks/IconFoundation.framework/Versions/A/IconFoundation
0x00007fff2fba5000 	/System/Library/PrivateFrameworks/SpeechRecognitionCore.framework/Versions/A/SpeechRecognitionCore
0x00007fff5dc2a000 	/System/Library/CoreServices/Encodings/libKoreanConverter.dylib
0x000000010a800000 	/Library/Internet Plug-Ins/JavaAppletPlugin.plugin/Contents/Home/lib/server/libjvm.dylib
0x000000010671e000 	/Library/Internet Plug-Ins/JavaAppletPlugin.plugin/Contents/Home/lib/libverify.dylib
0x000000010672f000 	/Library/Internet Plug-Ins/JavaAppletPlugin.plugin/Contents/Home/lib/libjava.dylib
0x00000001067ac000 	/Library/Internet Plug-Ins/JavaAppletPlugin.plugin/Contents/Home/lib/libzip.dylib
0x0000000112dba000 	/Library/Internet Plug-Ins/JavaAppletPlugin.plugin/Contents/Home/lib/libmanagement.dylib
0x0000000112dcb000 	/Library/Internet Plug-Ins/JavaAppletPlugin.plugin/Contents/Home/lib/libosx.dylib
0x0000000112ddd000 	/Library/Internet Plug-Ins/JavaAppletPlugin.plugin/Contents/Home/lib/libosxapp.dylib
0x00007fff6f687000 	/System/Library/Frameworks/JavaNativeFoundation.framework/Versions/A/JavaNativeFoundation
0x00007fff6f693000 	/System/Library/Frameworks/JavaRuntimeSupport.framework/Versions/A/JavaRuntimeSupport
0x00007fff3d0f7000 	/System/Library/Frameworks/Carbon.framework/Versions/A/Carbon
0x00007fff3c4b7000 	/System/Library/Frameworks/ExceptionHandling.framework/Versions/A/ExceptionHandling
0x00007fff363fd000 	/System/Library/Frameworks/Carbon.framework/Versions/A/Frameworks/CommonPanels.framework/Versions/A/CommonPanels
0x00007fff32f50000 	/System/Library/Frameworks/Carbon.framework/Versions/A/Frameworks/Help.framework/Versions/A/Help
0x00007fff36401000 	/System/Library/Frameworks/Carbon.framework/Versions/A/Frameworks/ImageCapture.framework/Versions/A/ImageCapture
0x00007fff363d9000 	/System/Library/Frameworks/Carbon.framework/Versions/A/Frameworks/OpenScripting.framework/Versions/A/OpenScripting
0x00007fff363f9000 	/System/Library/Frameworks/Carbon.framework/Versions/A/Frameworks/Ink.framework/Versions/A/Ink
0x00007fff3d0f3000 	/System/Library/Frameworks/Carbon.framework/Versions/A/Frameworks/Print.framework/Versions/A/Print
0x00007fff363f5000 	/System/Library/Frameworks/Carbon.framework/Versions/A/Frameworks/SecurityHI.framework/Versions/A/SecurityHI
0x00007fff31b6b000 	/System/Library/PrivateFrameworks/CoreSymbolication.framework/Versions/A/CoreSymbolication
0x00007fff31b2e000 	/System/Library/PrivateFrameworks/DebugSymbols.framework/Versions/A/DebugSymbols
0x0000000112e10000 	/private/var/folders/8d/__wg2z815gn533nxzd_08_xc0000gn/T/libjansi-64-1.9.jnilib
0x0000000112e13000 	/Library/Internet Plug-Ins/JavaAppletPlugin.plugin/Contents/Home/lib/libnet.dylib
0x0000000112e2d000 	/Library/Internet Plug-Ins/JavaAppletPlugin.plugin/Contents/Home/lib/libnio.dylib
0x00000001233a2000 	/private/var/folders/8d/__wg2z815gn533nxzd_08_xc0000gn/T/Update5931529236914205198.dylib
0x00007fff2992c000 	/System/Library/Frameworks/CoreWLAN.framework/Versions/A/CoreWLAN
0x00007fff32b22000 	/System/Library/PrivateFrameworks/CoreWiFi.framework/Versions/A/CoreWiFi

VM Arguments:
jvm_args: -Dapple.awt.UIElement=true -Xms256m -Xmx2048m -Dapple.awt.UIElement=true 
java_command: install4j.com.sencha.command.Sencha app watch
java_class_path (initial): /Users/okto21/bin/Sencha/Cmd/7.2.0.66/.install4j/i4jruntime.jar:/Users/okto21/bin/Sencha/Cmd/7.2.0.66/.install4j/launcher6b5f63d9.jar:/Users/okto21/bin/Sencha/Cmd/7.2.0.66/sencha.jar
Launcher Type: SUN_STANDARD

Environment Variables:
PATH=/opt/local/bin:/opt/local/sbin:/Users/okto21/Applications/flutter/bin/:/Users/okto21/bin/Sencha/Cmd/6.1.3.42/..:/Users/okto21/bin/Sencha/Cmd:/usr/local/bin:/usr/bin:/bin:/usr/sbin:/sbin:/Applications/VMware Fusion.app/Contents/Public:/usr/local/share/dotnet:/Library/Apple/usr/bin
SHELL=/bin/bash

Signal Handlers:
SIGSEGV: [libjvm.dylib+0x5a0dcb], sa_mask[0]=11111111011111110111111111111111, sa_flags=SA_ONSTACK|SA_RESTART|SA_SIGINFO
SIGBUS: [libjvm.dylib+0x5a0dcb], sa_mask[0]=11111111011111110111111111111111, sa_flags=SA_RESTART|SA_SIGINFO
SIGFPE: [libjvm.dylib+0x491731], sa_mask[0]=11111111011111110111111111111111, sa_flags=SA_RESTART|SA_SIGINFO
SIGPIPE: [libjvm.dylib+0x491731], sa_mask[0]=11111111011111110111111111111111, sa_flags=SA_RESTART|SA_SIGINFO
SIGXFSZ: [libjvm.dylib+0x491731], sa_mask[0]=11111111011111110111111111111111, sa_flags=SA_RESTART|SA_SIGINFO
SIGILL: [libjvm.dylib+0x491731], sa_mask[0]=11111111011111110111111111111111, sa_flags=SA_RESTART|SA_SIGINFO
SIGUSR1: SIG_DFL, sa_mask[0]=11011111011111100000000111000110, sa_flags=none
SIGUSR2: [libjvm.dylib+0x49202a], sa_mask[0]=00000000000000000000000000000000, sa_flags=SA_RESTART|SA_SIGINFO
SIGHUP: [libjvm.dylib+0x490239], sa_mask[0]=11111111011111110111111111111111, sa_flags=SA_RESTART|SA_SIGINFO
SIGINT: [libjvm.dylib+0x490239], sa_mask[0]=11111111011111110111111111111111, sa_flags=SA_RESTART|SA_SIGINFO
SIGTERM: [libjvm.dylib+0x490239], sa_mask[0]=11111111011111110111111111111111, sa_flags=SA_RESTART|SA_SIGINFO
SIGQUIT: [libjvm.dylib+0x490239], sa_mask[0]=11111111011111110111111111111111, sa_flags=SA_RESTART|SA_SIGINFO


---------------  S Y S T E M  ---------------

OS:Bsduname:Darwin 20.2.0 Darwin Kernel Version 20.2.0: Wed Dec  2 20:39:59 PST 2020; root:xnu-7195.60.75~1/RELEASE_X86_64 x86_64
rlimit: STACK 8192k, CORE 0k, NPROC 2784, NOFILE 10240, AS infinity
load average:2.70 5.09 3.39

CPU:total 8 (initial active 8) (4 cores per cpu, 2 threads per core) family 6 model 142 stepping 10, cmov, cx8, fxsr, mmx, sse, sse2, sse3, ssse3, sse4.1, sse4.2, popcnt, avx, avx2, aes, clmul, erms, 3dnowpref, lzcnt, ht, tsc, tscinvbit, bmi1, bmi2, adx

Memory: 4k page, physical 16777216k(53692k free)

/proc/meminfo:


vm_info: Java HotSpot(TM) 64-Bit Server VM (25.271-b09) for bsd-amd64 JRE (1.8.0_271-b09), built on Sep 16 2020 16:54:38 by "java_re" with gcc 4.2.1 Compatible Apple LLVM 10.0.0 (clang-1000.11.45.5)

time: Thu Jan  7 09:01:16 2021
timezone: KST
elapsed time: 8.460451 seconds (0d 0h 0m 8s)

